
> frontend@0.0.0 build
> tsc -b && vite build

src/components/Dropzone.tsx(1,46): error TS6133: 'DragEvent' is declared but its value is never read.
src/components/Dropzone.tsx(1,62): error TS6133: 'ChangeEvent' is declared but its value is never read.
src/components/PdfToImagesModal.tsx(3,38): error TS6133: 'Download' is declared but its value is never read.
